// Jest Snapshot v1, https://goo.gl/fbAQLP

exports[`<Breadcrumbs/> renders correctly 1`] = `
<div>
  <div
    class="MuiPaper-root MuiPaper-elevation MuiPaper-rounded MuiPaper-elevation2 css-1459qpu-MuiPaper-root"
  >
    <div
      class="BreadcrumbsImpl-breadcrumbs-1"
    >
      <div
        class="BreadcrumbsImpl-breadcrumb-2"
      >
        <div
          class="BreadcrumbsImpl-body-7"
        >
          <div
            class="BreadcrumbsImpl-content-8"
          >
            <span
              class="BreadcrumbsImpl-title-3"
            >
              cluster: 
            </span>
            <span
              class="BreadcrumbsImpl-value-6"
            >
              gke-prod
            </span>
            <div
              class="BreadcrumbsImpl-dropdownArrow-9"
            >
              <svg
                aria-hidden="true"
                class="MuiSvgIcon-root MuiSvgIcon-fontSizeMedium css-i4bv87-MuiSvgIcon-root"
                data-testid="ArrowDropDownIcon"
                focusable="false"
                viewBox="0 0 24 24"
              >
                <path
                  d="m7 10 5 5 5-5z"
                />
              </svg>
            </div>
          </div>
        </div>
      </div>
      <div
        class="BreadcrumbsImpl-breadcrumb-2"
      >
        <div
          class="BreadcrumbsImpl-body-7"
        >
          <div
            class="BreadcrumbsImpl-content-8"
          >
            <span
              class="BreadcrumbsImpl-title-3"
            >
              pod: 
            </span>
            <span
              class="BreadcrumbsImpl-value-6"
            >
              pod-123
            </span>
            <div
              class="BreadcrumbsImpl-dropdownArrow-9"
            >
              <svg
                aria-hidden="true"
                class="MuiSvgIcon-root MuiSvgIcon-fontSizeMedium css-i4bv87-MuiSvgIcon-root"
                data-testid="ArrowDropDownIcon"
                focusable="false"
                viewBox="0 0 24 24"
              >
                <path
                  d="m7 10 5 5 5-5z"
                />
              </svg>
            </div>
          </div>
        </div>
      </div>
      <div
        class="BreadcrumbsImpl-breadcrumb-2"
      >
        <div
          class="BreadcrumbsImpl-body-7"
        >
          <div
            class="BreadcrumbsImpl-content-8"
          >
            <span
              class="BreadcrumbsImpl-title-3"
            >
              script: 
            </span>
            <span
              class="BreadcrumbsImpl-value-6"
            >
              px/pod
            </span>
            <div
              class="BreadcrumbsImpl-spacer-10"
            />
          </div>
        </div>
      </div>
    </div>
  </div>
</div>
`;
