// Jest Snapshot v1, https://goo.gl/fbAQLP

exports[`<FixedSizeDrawer/> renders correctly when closed 1`] = `
<div>
  <div
    class="FixedSizeDrawer-root-1"
  >
    <div
      class="FixedSizeDrawer-otherContent-2"
    >
      <div>
        Other content. Some text goes here.
      </div>
    </div>
    <div
      class="MuiDrawer-root FixedSizeDrawer-dockedHorizontal-6 MuiDrawer-docked css-7ik032-MuiDrawer-docked"
      style="width: 50px;"
    >
      <div
        class="MuiPaper-root MuiPaper-elevation MuiPaper-elevation4 FixedSizeDrawer-drawerPaper-4 MuiDrawer-paper MuiDrawer-paperAnchorLeft MuiDrawer-paperAnchorDockedLeft css-uz91i0-MuiPaper-root-MuiDrawer-paper"
        style="visibility: hidden; webkit-transform: translateX(-0px); transform: translateX(-0px);"
      >
        <div
          class="FixedSizeDrawer-drawerContents-3"
          style="width: 50px;"
        >
          <div>
            Drawer contents
          </div>
        </div>
      </div>
    </div>
  </div>
</div>
`;
